main.c:79:5:main	48	static
main.c:197:6:SystemClock_Config	88	static
main.c:242:13:MX_I2C1_Init	16	static
main.c:303:13:MX_USART2_UART_Init	8	static
main.c:336:13:MX_USART6_UART_Init	4	static
main.c:366:13:MX_USART1_UART_Init	4	static
main.c:395:13:MX_GPIO_Init	48	static
main.c:431:6:Error_Handler	4	static,ignoring_inline_asm
main.c:459:6:USART6_init	4	static
main.c:477:5:USART6_write	16	static
main.c:484:5:USART6_read	4	static
main.c:490:6:I2C_Write	24	static
main.c:502:15:I2C_Read	24	static
main.c:520:6:I2C_Addr	24	static
main.c:532:6:I2C_Start	16	static
main.c:540:6:I2C_Stop	16	static
